** Drc report for /home/kim/sfp-auto-ethernet/hw/t1s/.t1s_placed.kicad_pcb **
** Created on 2026-09-30 20:41:09 **

** Found 13 DRC violations **
[silk_over_copper]: Silkscreen clipped by solder mask
    Local override; Severity: warning
    @(149.2000 mm, 104.7000 mm): PCB Text 'T1S SFP' on B.Silkscreen
[hole_near_hole]: Drilled holes too close together (board setup constraints min 0.2495 mm; actual 0.0000 mm)
    Rule: board setup constraints; Severity: error
    @(143.7000 mm, 101.7000 mm): Via [+3V3] on F.Cu - B.Cu
    @(143.5702 mm, 101.7048 mm): Via [+3V3] on F.Cu - B.Cu
[hole_near_hole]: Drilled holes too close together (board setup constraints min 0.2495 mm; actual 0.0000 mm)
    Rule: board setup constraints; Severity: error
    @(143.7000 mm, 104.9000 mm): Via [+3V3] on F.Cu - B.Cu
    @(143.7238 mm, 104.9670 mm): Via [+3V3] on F.Cu - B.Cu
[hole_near_hole]: Drilled holes too close together (board setup constraints min 0.2495 mm; actual 0.0000 mm)
    Rule: board setup constraints; Severity: error
    @(121.3000 mm, 96.9000 mm): Via [+3V3] on F.Cu - B.Cu
    @(121.2431 mm, 97.0121 mm): Via [+3V3] on F.Cu - B.Cu
[hole_near_hole]: Drilled holes too close together (board setup constraints min 0.2495 mm; actual 0.0000 mm)
    Rule: board setup constraints; Severity: error
    @(105.3000 mm, 100.1000 mm): Via [+3V3] on F.Cu - B.Cu
    @(105.4250 mm, 100.0250 mm): Via [+3V3] on F.Cu - B.Cu
[clearance]: Clearance violation (netclass 'Power' clearance 0.1500 mm; actual 0.1255 mm)
    Rule: netclass 'Power'; Severity: error
    @(143.7000 mm, 101.7000 mm): Via [+3V3] on F.Cu - B.Cu
    @(144.5500 mm, 101.2000 mm): Pad 1 [MDI_TERM] of C42 on F.Cu
[clearance]: Clearance violation (netclass 'Power' clearance 0.1500 mm; actual 0.0912 mm)
    Rule: netclass 'Power'; Severity: error
    @(121.3000 mm, 96.9000 mm): Via [+3V3] on F.Cu - B.Cu
    @(121.6750 mm, 95.8000 mm): Pad 1 [BUCK_SW] of L1 on B.Cu
[clearance]: Clearance violation (netclass 'Power' clearance 0.1500 mm; actual 0.1328 mm)
    Rule: netclass 'Power'; Severity: error
    @(105.3000 mm, 100.1000 mm): Via [+3V3] on F.Cu - B.Cu
    @(104.7526 mm, 100.2000 mm): Track [VCCR] on F.Cu, length 1.1830 mm
[hole_clearance]: Hole clearance violation (board setup constraints hole clearance 0.2000 mm; actual 0.1912 mm)
    Rule: board setup constraints hole; Severity: error
    @(121.6750 mm, 95.8000 mm): Pad 1 [BUCK_SW] of L1 on B.Cu
    @(121.3000 mm, 96.9000 mm): Via [+3V3] on F.Cu - B.Cu
[via_dangling]: Via is not connected or connected on only one layer
    Local override; Severity: warning
    @(113.0000 mm, 102.2500 mm): Via [FPGA_RECONFIG_N] on F.Cu - B.Cu
[via_dangling]: Via is not connected or connected on only one layer
    Local override; Severity: warning
    @(112.5000 mm, 100.7500 mm): Via [JTAG_TDO] on F.Cu - B.Cu
[via_dangling]: Via is not connected or connected on only one layer
    Local override; Severity: warning
    @(113.0000 mm, 99.7500 mm): Via [JTAG_TMS] on F.Cu - B.Cu
[track_dangling]: Track has unconnected end
    Local override; Severity: warning
    @(113.0000 mm, 100.7500 mm): Track [JTAG_TDI] on B.Cu, length 0.7071 mm

** Found 32 unconnected pads **
[unconnected_items]: Missing connection between items
    Local override; Severity: error
    @(100.3000 mm, 95.7000 mm): Zone [GND] on B.Cu
    @(100.3000 mm, 95.7000 mm): Zone [GND] on B.Cu
[unconnected_items]: Missing connection between items
    Local override; Severity: error
    @(100.3000 mm, 95.7000 mm): Zone [GND] on B.Cu
    @(100.3000 mm, 95.7000 mm): Zone [GND] on B.Cu
[unconnected_items]: Missing connection between items
    Local override; Severity: error
    @(100.3000 mm, 95.7000 mm): Zone [GND] on B.Cu
    @(100.3000 mm, 95.7000 mm): Zone [GND] on B.Cu
[unconnected_items]: Missing connection between items
    Local override; Severity: error
    @(102.3500 mm, 99.4000 mm): Pad 16 [VCCT] of J1 on F.Cu
    @(108.1125 mm, 95.1000 mm): Pad 1 [VCCT] of FB1 on F.Cu
[unconnected_items]: Missing connection between items
    Local override; Severity: error
    @(102.5500 mm, 102.2000 mm): Pad 8 [RX_LOS] of J1 on B.Cu
    @(141.8750 mm, 102.8625 mm): Pad 12 [RX_LOS] of U8 on B.Cu
[unconnected_items]: Missing connection between items
    Local override; Severity: error
    @(102.5500 mm, 99.0000 mm): Pad 4 [SDA] of J1 on B.Cu
    @(136.6750 mm, 97.1375 mm): Pad 1 [SDA] of U8 on B.Cu
[unconnected_items]: Missing connection between items
    Local override; Severity: error
    @(123.8000 mm, 97.6500 mm): Track [+3V3] on F.Cu, length 1.6000 mm
    @(123.1250 mm, 98.5500 mm): Pad 7 [+3V3] of U3 on B.Cu
[unconnected_items]: Missing connection between items
    Local override; Severity: error
    @(135.5000 mm, 95.9300 mm): Track [+3V3] on B.Cu, length 2.5041 mm
    @(139.1200 mm, 95.3000 mm): Pad 1 [+3V3] of C44 on B.Cu
[unconnected_items]: Missing connection between items
    Local override; Severity: error
    @(118.5800 mm, 105.0000 mm): Pad 1 [+3V3] of R6 on B.Cu
    @(116.0000 mm, 104.1700 mm): Track [+3V3] on B.Cu, length 1.9200 mm
[unconnected_items]: Missing connection between items
    Local override; Severity: error
    @(113.8800 mm, 100.4500 mm): Pad 1 [VDDAQ] of C54 on B.Cu
    @(114.5000 mm, 96.7500 mm): Track [VDDAQ] on B.Cu, length 1.5000 mm
[unconnected_items]: Missing connection between items
    Local override; Severity: error
    @(124.6000 mm, 94.9250 mm): Pad 1 [VCC_CORE] of C12 on B.Cu
    @(123.1250 mm, 95.8745 mm): Track [VCC_CORE] on B.Cu, length 0.0745 mm
[unconnected_items]: Missing connection between items
    Local override; Severity: error
    @(115.8125 mm, 95.0500 mm): Pad 1 [VCC_CORE] of FB3 on B.Cu
    @(116.0000 mm, 97.7500 mm): Via [VCC_CORE] on F.Cu - B.Cu
[unconnected_items]: Missing connection between items
    Local override; Severity: error
    @(123.1250 mm, 95.8745 mm): Track [VCC_CORE] on B.Cu, length 0.0745 mm
    @(120.2000 mm, 94.9250 mm): Pad 1 [VCC_CORE] of C13 on B.Cu
[unconnected_items]: Missing connection between items
    Local override; Severity: error
    @(120.2000 mm, 94.9250 mm): Pad 1 [VCC_CORE] of C13 on B.Cu
    @(118.0000 mm, 97.2500 mm): Via [VCC_CORE] on F.Cu - B.Cu
[unconnected_items]: Missing connection between items
    Local override; Severity: error
    @(115.0000 mm, 97.8501 mm): Track [VDDHAQ] on F.Cu, length 0.4552 mm
    @(115.9800 mm, 100.4500 mm): Pad 1 [VDDHAQ] of C55 on B.Cu
[unconnected_items]: Missing connection between items
    Local override; Severity: error
    @(115.9800 mm, 100.4500 mm): Pad 1 [VDDHAQ] of C55 on B.Cu
    @(111.4200 mm, 104.7500 mm): Pad 1 [VDDHAQ] of C15 on B.Cu
[unconnected_items]: Missing connection between items
    Local override; Severity: error
    @(117.0000 mm, 97.7500 mm): Pad C11 [VDDHAQ] of U1 on F.Cu
    @(146.7375 mm, 97.5500 mm): Pad 5 [VDDHAQ] of U6 on B.Cu
[unconnected_items]: Missing connection between items
    Local override; Severity: error
    @(114.6703 mm, 101.8431 mm): Track [V1P2] on B.Cu, length 0.4663 mm
    @(117.5000 mm, 99.2500 mm): Pad F12 [V1P2] of U1 on F.Cu
[unconnected_items]: Missing connection between items
    Local override; Severity: error
    @(112.5000 mm, 99.7500 mm): Track [JTAG_TCK] on B.Cu, length 0.5012 mm
    @(156.9000 mm, 96.8500 mm): Pad 1 [JTAG_TCK] of TP10 on B.Cu
[unconnected_items]: Missing connection between items
    Local override; Severity: error
    @(113.0000 mm, 99.7500 mm): Via [JTAG_TMS] on F.Cu - B.Cu
    @(156.9000 mm, 98.9500 mm): Pad 1 [JTAG_TMS] of TP11 on B.Cu
[unconnected_items]: Missing connection between items
    Local override; Severity: error
    @(112.5000 mm, 100.7500 mm): Via [JTAG_TDO] on F.Cu - B.Cu
    @(156.9000 mm, 103.1500 mm): Pad 1 [JTAG_TDO] of TP13 on B.Cu
[unconnected_items]: Missing connection between items
    Local override; Severity: error
    @(111.0200 mm, 100.9000 mm): Pad 2 [FPGA_RECONFIG_N] of R3 on B.Cu
    @(113.0000 mm, 102.2500 mm): Via [FPGA_RECONFIG_N] on F.Cu - B.Cu
[unconnected_items]: Missing connection between items
    Local override; Severity: error
    @(113.0000 mm, 102.2500 mm): Via [FPGA_RECONFIG_N] on F.Cu - B.Cu
    @(139.9250 mm, 102.8625 mm): Pad 15 [FPGA_RECONFIG_N] of U8 on B.Cu
[unconnected_items]: Missing connection between items
    Local override; Severity: error
    @(111.0200 mm, 102.7000 mm): Pad 2 [MODE1] of R1 on B.Cu
    @(112.0000 mm, 102.7500 mm): Pad N1 [MODE1] of U1 on F.Cu
[unconnected_items]: Missing connection between items
    Local override; Severity: error
    @(112.0000 mm, 103.2500 mm): Pad P1 [FPGA_LINK] of U1 on F.Cu
    @(140.5750 mm, 102.8625 mm): Pad 14 [FPGA_LINK] of U8 on B.Cu
[unconnected_items]: Missing connection between items
    Local override; Severity: error
    @(134.9500 mm, 98.7500 mm): Track [RXD2] on F.Cu, length 1.5120 mm
    @(134.6000 mm, 98.3700 mm): Pad 2 [RXD2] of R10 on B.Cu
[unconnected_items]: Missing connection between items
    Local override; Severity: error
    @(134.6000 mm, 102.8700 mm): Pad 2 [RXDV] of R15 on B.Cu
    @(116.5000 mm, 104.6000 mm): Track [RXDV] on F.Cu, length 18.2000 mm
[unconnected_items]: Missing connection between items
    Local override; Severity: error
    @(134.6000 mm, 101.3700 mm): Pad 2 [RXD1] of R14 on B.Cu
    @(134.4500 mm, 100.7500 mm): Track [RXD1] on F.Cu, length 1.0120 mm
[unconnected_items]: Missing connection between items
    Local override; Severity: error
    @(111.0200 mm, 100.0000 mm): Pad 2 [FPGA_DONE] of R4 on B.Cu
    @(139.2750 mm, 102.8625 mm): Pad 16 [FPGA_DONE] of U8 on B.Cu
[unconnected_items]: Missing connection between items
    Local override; Severity: error
    @(135.5000 mm, 98.0700 mm): Pad 2 [MDIO] of R18 on B.Cu
    @(131.7500 mm, 102.4375 mm): Track [MDIO] on F.Cu, length 0.2105 mm
[unconnected_items]: Missing connection between items
    Local override; Severity: error
    @(141.2250 mm, 97.1375 mm): Pad 8 [MDIO] of U8 on B.Cu
    @(135.5000 mm, 98.0700 mm): Pad 2 [MDIO] of R18 on B.Cu
[unconnected_items]: Missing connection between items
    Local override; Severity: error
    @(131.7500 mm, 97.5625 mm): Pad 27 [XTI] of U5 on F.Cu
    @(130.7000 mm, 95.4500 mm): Track [XTI] on B.Cu, length 0.3327 mm

** Found 0 Footprint errors **

** End of Report **
