** Drc report for t1s.kicad_pcb **
** Created on 2026-10-08T01:52:41+0000 **
** Report includes: Errors, Warnings, Exclusions **

** Found 78 DRC violations **
[lib_footprint_mismatch]: Footprint 'C_0201_0603Metric' does not match copy in library 'Capacitor_SMD'.
    Local override; warning
    @(125.2000 mm, 96.4000 mm): Footprint C9
[lib_footprint_mismatch]: Footprint 'C_0805_2012Metric' does not match copy in library 'Capacitor_SMD'.
    Local override; warning
    @(137.2000 mm, 97.7000 mm): Footprint C41
[lib_footprint_mismatch]: Footprint 'R_1206_3216Metric' does not match copy in library 'Resistor_SMD'.
    Local override; warning
    @(145.5000 mm, 98.1500 mm): Footprint R23
[lib_footprint_mismatch]: Footprint 'JST_PH_S2B-PH-K_1x02_P2.00mm_Horizontal' does not match copy in library 'Connector_JST'.
    Local override; warning
    @(151.6000 mm, 99.0000 mm): Footprint J2
[lib_footprint_mismatch]: Footprint 'R_0805_2012Metric' does not match copy in library 'Resistor_SMD'.
    Local override; warning
    @(145.5000 mm, 103.4000 mm): Footprint R24
[lib_footprint_mismatch]: Footprint 'C_0201_0603Metric' does not match copy in library 'Capacitor_SMD'.
    Local override; warning
    @(105.2000 mm, 98.2000 mm): Footprint C5
[lib_footprint_mismatch]: Footprint 'C_0201_0603Metric' does not match copy in library 'Capacitor_SMD'.
    Local override; warning
    @(105.2000 mm, 102.2000 mm): Footprint C3
[lib_footprint_mismatch]: Footprint 'C_0402_1005Metric' does not match copy in library 'Capacitor_SMD'.
    Local override; warning
    @(113.8000 mm, 95.2000 mm): Footprint C18
[lib_footprint_mismatch]: Footprint 'C_0201_0603Metric' does not match copy in library 'Capacitor_SMD'.
    Local override; warning
    @(105.2000 mm, 103.0000 mm): Footprint C4
[lib_footprint_mismatch]: Footprint 'VQFN-32-1EP_5x5mm_P0.5mm_EP3.5x3.5mm' does not match copy in library 'Package_DFN_QFN'.
    Local override; warning
    @(131.0000 mm, 100.0000 mm): Footprint U5
[lib_footprint_mismatch]: Footprint 'C_0201_0603Metric' does not match copy in library 'Capacitor_SMD'.
    Local override; warning
    @(105.2000 mm, 97.4000 mm): Footprint C6
[lib_footprint_mismatch]: Footprint 'C_0402_1005Metric' does not match copy in library 'Capacitor_SMD'.
    Local override; warning
    @(108.0000 mm, 104.1000 mm): Footprint C37
[lib_footprint_mismatch]: Footprint 'C_0402_1005Metric' does not match copy in library 'Capacitor_SMD'.
    Local override; warning
    @(110.0000 mm, 103.9000 mm): Footprint C36
[lib_footprint_mismatch]: Footprint 'R_1206_3216Metric' does not match copy in library 'Resistor_SMD'.
    Local override; warning
    @(145.5000 mm, 95.9000 mm): Footprint R22
[lib_footprint_mismatch]: Footprint 'C_0201_0603Metric' does not match copy in library 'Capacitor_SMD'.
    Local override; warning
    @(120.3000 mm, 95.4500 mm): Footprint C7
[lib_footprint_mismatch]: Footprint 'C_0603_1608Metric' does not match copy in library 'Capacitor_SMD'.
    Local override; warning
    @(127.6000 mm, 95.5000 mm): Footprint C60
[lib_footprint_mismatch]: Footprint 'L_0603_1608Metric' does not match copy in library 'Inductor_SMD'.
    Local override; warning
    @(107.4000 mm, 99.1000 mm): Footprint FB2
[lib_footprint_mismatch]: Footprint 'C_0201_0603Metric' does not match copy in library 'Capacitor_SMD'.
    Local override; warning
    @(120.3000 mm, 96.3000 mm): Footprint C8
[lib_footprint_mismatch]: Footprint 'C_0805_2012Metric' does not match copy in library 'Capacitor_SMD'.
    Local override; warning
    @(137.2000 mm, 95.7000 mm): Footprint C40
[lib_footprint_mismatch]: Footprint 'L_0603_1608Metric' does not match copy in library 'Inductor_SMD'.
    Local override; warning
    @(107.4000 mm, 100.7500 mm): Footprint FB1
[lib_footprint_mismatch]: Footprint 'C_0805_2012Metric' does not match copy in library 'Capacitor_SMD'.
    Local override; warning
    @(145.5000 mm, 101.2000 mm): Footprint C42
[lib_footprint_mismatch]: Footprint 'R_0201_0603Metric' does not match copy in library 'Resistor_SMD'.
    Local override; warning
    @(134.6000 mm, 104.0500 mm): Footprint R16
[lib_footprint_mismatch]: Footprint 'R_0201_0603Metric' does not match copy in library 'Resistor_SMD'.
    Local override; warning
    @(134.6000 mm, 97.4000 mm): Footprint R11
[lib_footprint_mismatch]: Footprint 'C_0402_1005Metric' does not match copy in library 'Capacitor_SMD'.
    Local override; warning
    @(137.6000 mm, 95.3000 mm): Footprint C43
[lib_footprint_mismatch]: Footprint 'R_0201_0603Metric' does not match copy in library 'Resistor_SMD'.
    Local override; warning
    @(132.8500 mm, 103.7500 mm): Footprint R12
[lib_footprint_mismatch]: Footprint 'R_0201_0603Metric' does not match copy in library 'Resistor_SMD'.
    Local override; warning
    @(134.6000 mm, 99.0000 mm): Footprint R10
[lib_footprint_mismatch]: Footprint 'L_Murata_DFE201610P' does not match copy in library 'Inductor_SMD'.
    Local override; warning
    @(122.4000 mm, 95.8000 mm): Footprint L1
[lib_footprint_mismatch]: Footprint 'C_0402_1005Metric' does not match copy in library 'Capacitor_SMD'.
    Local override; warning
    @(115.9000 mm, 104.7500 mm): Footprint C17
[lib_footprint_mismatch]: Footprint 'R_0402_1005Metric' does not match copy in library 'Resistor_SMD'.
    Local override; warning
    @(128.1000 mm, 95.8000 mm): Footprint R21
[lib_footprint_mismatch]: Footprint 'R_0201_0603Metric' does not match copy in library 'Resistor_SMD'.
    Local override; warning
    @(135.5000 mm, 99.2500 mm): Footprint R19
[lib_footprint_mismatch]: Footprint 'C_0201_0603Metric' does not match copy in library 'Capacitor_SMD'.
    Local override; warning
    @(135.5000 mm, 96.2500 mm): Footprint C35
[lib_footprint_mismatch]: Footprint 'C_0402_1005Metric' does not match copy in library 'Capacitor_SMD'.
    Local override; warning
    @(139.6000 mm, 95.3000 mm): Footprint C44
[lib_footprint_mismatch]: Footprint 'SOT-23-5' does not match copy in library 'Package_TO_SOT_SMD'.
    Local override; warning
    @(145.6000 mm, 96.6000 mm): Footprint U6
[lib_footprint_mismatch]: Footprint 'WSON-8-1EP_6x5mm_P1.27mm_EP3.4x4.3mm' does not match copy in library 'Package_SON'.
    Local override; warning
    @(123.6000 mm, 102.6000 mm): Footprint U2
[lib_footprint_mismatch]: Footprint 'C_0603_1608Metric' does not match copy in library 'Capacitor_SMD'.
    Local override; warning
    @(120.2000 mm, 95.7000 mm): Footprint C13
[lib_footprint_mismatch]: Footprint 'C_0201_0603Metric' does not match copy in library 'Capacitor_SMD'.
    Local override; warning
    @(129.7000 mm, 97.7000 mm): Footprint C32
[lib_footprint_mismatch]: Footprint 'R_0201_0603Metric' does not match copy in library 'Resistor_SMD'.
    Local override; warning
    @(134.6000 mm, 101.9500 mm): Footprint R14
[lib_footprint_mismatch]: Footprint 'C_0201_0603Metric' does not match copy in library 'Capacitor_SMD'.
    Local override; warning
    @(129.4000 mm, 96.0000 mm): Footprint C30
[lib_footprint_mismatch]: Footprint 'C_0201_0603Metric' does not match copy in library 'Capacitor_SMD'.
    Local override; warning
    @(114.2000 mm, 101.3500 mm): Footprint C56
[lib_footprint_mismatch]: Footprint 'R_0201_0603Metric' does not match copy in library 'Resistor_SMD'.
    Local override; warning
    @(111.1000 mm, 103.5500 mm): Footprint R1
[lib_footprint_mismatch]: Footprint 'R_0201_0603Metric' does not match copy in library 'Resistor_SMD'.
    Local override; warning
    @(127.0000 mm, 98.6000 mm): Footprint R9
[lib_footprint_mismatch]: Footprint 'R_0201_0603Metric' does not match copy in library 'Resistor_SMD'.
    Local override; warning
    @(134.6000 mm, 100.5000 mm): Footprint R15
[lib_footprint_mismatch]: Footprint 'R_0201_0603Metric' does not match copy in library 'Resistor_SMD'.
    Local override; warning
    @(128.6000 mm, 102.4000 mm): Footprint R17
[lib_footprint_mismatch]: Footprint 'C_0201_0603Metric' does not match copy in library 'Capacitor_SMD'.
    Local override; warning
    @(116.3000 mm, 98.6500 mm): Footprint C51
[lib_footprint_mismatch]: Footprint 'R_0201_0603Metric' does not match copy in library 'Resistor_SMD'.
    Local override; warning
    @(116.3000 mm, 101.3500 mm): Footprint R5
[lib_footprint_mismatch]: Footprint 'SOT-23-5' does not match copy in library 'Package_TO_SOT_SMD'.
    Local override; warning
    @(145.6000 mm, 103.4000 mm): Footprint U7
[lib_footprint_mismatch]: Footprint 'C_0201_0603Metric' does not match copy in library 'Capacitor_SMD'.
    Local override; warning
    @(114.3000 mm, 95.0500 mm): Footprint C59
[lib_footprint_mismatch]: Footprint 'L_0603_1608Metric' does not match copy in library 'Inductor_SMD'.
    Local override; warning
    @(116.6000 mm, 95.0500 mm): Footprint FB3
[lib_footprint_mismatch]: Footprint 'R_0201_0603Metric' does not match copy in library 'Resistor_SMD'.
    Local override; warning
    @(135.5000 mm, 97.7500 mm): Footprint R18
[lib_footprint_mismatch]: Footprint 'L_0603_1608Metric' does not match copy in library 'Inductor_SMD'.
    Local override; warning
    @(112.0000 mm, 95.0500 mm): Footprint FB4
[lib_footprint_mismatch]: Footprint 'Crystal_SMD_2016-4Pin_2.0x1.6mm' does not match copy in library 'Crystal'.
    Local override; warning
    @(131.4000 mm, 96.0000 mm): Footprint Y1
[lib_footprint_mismatch]: Footprint 'C_0402_1005Metric' does not match copy in library 'Capacitor_SMD'.
    Local override; warning
    @(141.6000 mm, 95.3000 mm): Footprint C45
[lib_footprint_mismatch]: Footprint 'R_0201_0603Metric' does not match copy in library 'Resistor_SMD'.
    Local override; warning
    @(110.7000 mm, 99.7500 mm): Footprint R7
[lib_footprint_mismatch]: Footprint 'R_0201_0603Metric' does not match copy in library 'Resistor_SMD'.
    Local override; warning
    @(140.7500 mm, 104.6500 mm): Footprint R26
[lib_footprint_mismatch]: Footprint 'R_0201_0603Metric' does not match copy in library 'Resistor_SMD'.
    Local override; warning
    @(119.4000 mm, 99.6500 mm): Footprint R6
[lib_footprint_mismatch]: Footprint 'C_0201_0603Metric' does not match copy in library 'Capacitor_SMD'.
    Local override; warning
    @(116.3000 mm, 99.5500 mm): Footprint C53
[lib_footprint_mismatch]: Footprint 'C_0201_0603Metric' does not match copy in library 'Capacitor_SMD'.
    Local override; warning
    @(132.4500 mm, 97.9000 mm): Footprint C33
[lib_footprint_mismatch]: Footprint 'R_0201_0603Metric' does not match copy in library 'Resistor_SMD'.
    Local override; warning
    @(135.5000 mm, 100.7500 mm): Footprint R20
[lib_footprint_mismatch]: Footprint 'R_0201_0603Metric' does not match copy in library 'Resistor_SMD'.
    Local override; warning
    @(139.2000 mm, 104.6500 mm): Footprint R4
[lib_footprint_mismatch]: Footprint 'C_0402_1005Metric' does not match copy in library 'Capacitor_SMD'.
    Local override; warning
    @(107.3000 mm, 98.9000 mm): Footprint C1
[lib_footprint_mismatch]: Footprint 'C_0201_0603Metric' does not match copy in library 'Capacitor_SMD'.
    Local override; warning
    @(116.3000 mm, 100.4500 mm): Footprint C55
[lib_footprint_mismatch]: Footprint 'TSSOP-20_4.4x6.5mm_P0.65mm' does not match copy in library 'Package_SO'.
    Local override; warning
    @(139.6000 mm, 100.0000 mm): Footprint U8
[lib_footprint_mismatch]: Footprint 'R_0201_0603Metric' does not match copy in library 'Resistor_SMD'.
    Local override; warning
    @(141.5500 mm, 104.6500 mm): Footprint R25
[lib_footprint_mismatch]: Footprint 'C_0201_0603Metric' does not match copy in library 'Capacitor_SMD'.
    Local override; warning
    @(114.2000 mm, 99.5500 mm): Footprint C52
[lib_footprint_mismatch]: Footprint 'R_0201_0603Metric' does not match copy in library 'Resistor_SMD'.
    Local override; warning
    @(125.4000 mm, 99.0000 mm): Footprint R8
[lib_footprint_mismatch]: Footprint 'C_0402_1005Metric' does not match copy in library 'Capacitor_SMD'.
    Local override; warning
    @(148.2000 mm, 103.9000 mm): Footprint C16
[lib_footprint_mismatch]: Footprint 'C_0201_0603Metric' does not match copy in library 'Capacitor_SMD'.
    Local override; warning
    @(114.2000 mm, 98.6500 mm): Footprint C50
[lib_footprint_mismatch]: Footprint 'C_0201_0603Metric' does not match copy in library 'Capacitor_SMD'.
    Local override; warning
    @(130.2000 mm, 101.4500 mm): Footprint C34
[lib_footprint_mismatch]: Footprint 'R_0201_0603Metric' does not match copy in library 'Resistor_SMD'.
    Local override; warning
    @(140.0000 mm, 104.6500 mm): Footprint R3
[lib_footprint_mismatch]: Footprint 'C_0402_1005Metric' does not match copy in library 'Capacitor_SMD'.
    Local override; warning
    @(146.7400 mm, 98.8000 mm): Footprint C15
[lib_footprint_mismatch]: Footprint 'C_0201_0603Metric' does not match copy in library 'Capacitor_SMD'.
    Local override; warning
    @(114.2000 mm, 100.4500 mm): Footprint C54
[lib_footprint_mismatch]: Footprint 'C_0402_1005Metric' does not match copy in library 'Capacitor_SMD'.
    Local override; warning
    @(109.2000 mm, 98.9000 mm): Footprint C2
[lib_footprint_mismatch]: Footprint 'C_0201_0603Metric' does not match copy in library 'Capacitor_SMD'.
    Local override; warning
    @(133.5000 mm, 96.0000 mm): Footprint C31
[lib_footprint_mismatch]: Footprint 'C_0201_0603Metric' does not match copy in library 'Capacitor_SMD'.
    Local override; warning
    @(125.4000 mm, 98.1000 mm): Footprint C14
[lib_footprint_mismatch]: Footprint 'SOT-23-6' does not match copy in library 'Package_TO_SOT_SMD'.
    Local override; warning
    @(108.7000 mm, 103.0000 mm): Footprint U4
[lib_footprint_mismatch]: Footprint 'C_0603_1608Metric' does not match copy in library 'Capacitor_SMD'.
    Local override; warning
    @(124.6000 mm, 95.7000 mm): Footprint C12
[lib_footprint_mismatch]: Footprint 'R_0201_0603Metric' does not match copy in library 'Resistor_SMD'.
    Local override; warning
    @(135.5000 mm, 103.7500 mm): Footprint R13
[lib_footprint_mismatch]: Footprint 'C_0402_1005Metric' does not match copy in library 'Capacitor_SMD'.
    Local override; warning
    @(120.4000 mm, 98.3000 mm): Footprint C11

** Found 0 unconnected pads **

** Found 0 Footprint errors **

** End of Report **
