** Drc report for t1.kicad_pcb **
** Created on 2026-10-02T06:50:09+0000 **
** Report includes: Errors, Warnings, Exclusions **

** Found 56 DRC violations **
[lib_footprint_mismatch]: Footprint 'C_0603_1608Metric' does not match copy in library 'Capacitor_SMD'.
    Local override; warning
    @(111.9000 mm, 95.4000 mm): Footprint C37
[lib_footprint_mismatch]: Footprint 'C_0201_0603Metric' does not match copy in library 'Capacitor_SMD'.
    Local override; warning
    @(105.2000 mm, 97.0000 mm): Footprint C4
[lib_footprint_mismatch]: Footprint 'Crystal_SMD_2016-4Pin_2.0x1.6mm' does not match copy in library 'Crystal'.
    Local override; warning
    @(125.4000 mm, 100.4000 mm): Footprint Y1
[lib_footprint_mismatch]: Footprint 'C_0402_1005Metric' does not match copy in library 'Capacitor_SMD'.
    Local override; warning
    @(132.5000 mm, 99.5000 mm): Footprint C26
[lib_footprint_mismatch]: Footprint 'C_0201_0603Metric' does not match copy in library 'Capacitor_SMD'.
    Local override; warning
    @(127.6000 mm, 98.3000 mm): Footprint C29
[lib_footprint_mismatch]: Footprint 'L_Murata_DFE201610P' does not match copy in library 'Inductor_SMD'.
    Local override; warning
    @(130.0000 mm, 101.9000 mm): Footprint L1
[lib_footprint_mismatch]: Footprint 'D_0402_1005Metric' does not match copy in library 'Diode_SMD'.
    Local override; warning
    @(140.6000 mm, 97.7200 mm): Footprint D2
[lib_footprint_mismatch]: Footprint 'R_0402_1005Metric' does not match copy in library 'Resistor_SMD'.
    Local override; warning
    @(139.5000 mm, 97.7200 mm): Footprint R6
[lib_footprint_mismatch]: Footprint 'C_0402_1005Metric' does not match copy in library 'Capacitor_SMD'.
    Local override; warning
    @(134.0000 mm, 97.7000 mm): Footprint C33
[lib_footprint_mismatch]: Footprint 'C_0603_1608Metric' does not match copy in library 'Capacitor_SMD'.
    Local override; warning
    @(127.6000 mm, 101.9000 mm): Footprint C27
[lib_footprint_mismatch]: Footprint 'L_0603_1608Metric' does not match copy in library 'Inductor_SMD'.
    Local override; warning
    @(108.9000 mm, 104.9000 mm): Footprint FB2
[lib_footprint_mismatch]: Footprint 'R_0201_0603Metric' does not match copy in library 'Resistor_SMD'.
    Local override; warning
    @(127.6000 mm, 99.7000 mm): Footprint R3
[lib_footprint_mismatch]: Footprint 'L_0603_1608Metric' does not match copy in library 'Inductor_SMD'.
    Local override; warning
    @(124.6000 mm, 103.6000 mm): Footprint FB3
[lib_footprint_mismatch]: Footprint 'QFN-36-1EP_6x6mm_P0.5mm_EP4.1x4.1mm_ThermalVias' does not match copy in library 'Package_DFN_QFN'.
    Local override; warning
    @(119.5000 mm, 100.0000 mm): Footprint U1
[lib_footprint_mismatch]: Footprint 'L_0603_1608Metric' does not match copy in library 'Inductor_SMD'.
    Local override; warning
    @(114.9000 mm, 95.4000 mm): Footprint FB4
[lib_footprint_mismatch]: Footprint 'C_0201_0603Metric' does not match copy in library 'Capacitor_SMD'.
    Local override; warning
    @(105.2000 mm, 101.8000 mm): Footprint C5
[lib_footprint_mismatch]: Footprint 'C_0201_0603Metric' does not match copy in library 'Capacitor_SMD'.
    Local override; warning
    @(105.2000 mm, 102.6000 mm): Footprint C6
[lib_footprint_mismatch]: Footprint 'R_0402_1005Metric' does not match copy in library 'Resistor_SMD'.
    Local override; warning
    @(139.5000 mm, 99.7800 mm): Footprint R7
[lib_footprint_mismatch]: Footprint 'L_0603_1608Metric' does not match copy in library 'Inductor_SMD'.
    Local override; warning
    @(108.9000 mm, 95.1000 mm): Footprint FB1
[lib_footprint_mismatch]: Footprint 'C_0402_1005Metric' does not match copy in library 'Capacitor_SMD'.
    Local override; warning
    @(134.0000 mm, 98.6500 mm): Footprint C34
[lib_footprint_mismatch]: Footprint 'R_0201_0603Metric' does not match copy in library 'Resistor_SMD'.
    Local override; warning
    @(127.6000 mm, 96.9000 mm): Footprint R4
[lib_footprint_mismatch]: Footprint 'C_0603_1608Metric' does not match copy in library 'Capacitor_SMD'.
    Local override; warning
    @(132.4000 mm, 101.9000 mm): Footprint C28
[lib_footprint_mismatch]: Footprint 'D_0402_1005Metric' does not match copy in library 'Diode_SMD'.
    Local override; warning
    @(140.9000 mm, 99.7800 mm): Footprint D3
[lib_footprint_mismatch]: Footprint 'C_0201_0603Metric' does not match copy in library 'Capacitor_SMD'.
    Local override; warning
    @(105.2000 mm, 97.8000 mm): Footprint C3
[lib_footprint_mismatch]: Footprint 'R_0402_1005Metric' does not match copy in library 'Resistor_SMD'.
    Local override; warning
    @(141.6000 mm, 98.7500 mm): Footprint R8
[lib_footprint_mismatch]: Footprint 'C_0402_1005Metric' does not match copy in library 'Capacitor_SMD'.
    Local override; warning
    @(108.2000 mm, 96.6000 mm): Footprint C1
[lib_footprint_mismatch]: Footprint 'C_0201_0603Metric' does not match copy in library 'Capacitor_SMD'.
    Local override; warning
    @(116.3000 mm, 98.8000 mm): Footprint C13
[lib_footprint_mismatch]: Footprint 'C_0201_0603Metric' does not match copy in library 'Capacitor_SMD'.
    Local override; warning
    @(124.1000 mm, 100.4000 mm): Footprint C25
[lib_footprint_mismatch]: Footprint 'C_0201_0603Metric' does not match copy in library 'Capacitor_SMD'.
    Local override; warning
    @(117.6000 mm, 103.2000 mm): Footprint C11
[lib_footprint_mismatch]: Footprint 'C_0402_1005Metric' does not match copy in library 'Capacitor_SMD'.
    Local override; warning
    @(108.9000 mm, 103.2000 mm): Footprint C2
[lib_footprint_mismatch]: Footprint 'C_0402_1005Metric' does not match copy in library 'Capacitor_SMD'.
    Local override; warning
    @(135.8000 mm, 102.6000 mm): Footprint C32
[lib_footprint_mismatch]: Footprint 'C_0402_1005Metric' does not match copy in library 'Capacitor_SMD'.
    Local override; warning
    @(114.8000 mm, 95.1000 mm): Footprint C36
[lib_footprint_mismatch]: Footprint 'C_0201_0603Metric' does not match copy in library 'Capacitor_SMD'.
    Local override; warning
    @(122.7000 mm, 98.8000 mm): Footprint C10
[lib_footprint_mismatch]: Footprint 'R_0201_0603Metric' does not match copy in library 'Resistor_SMD'.
    Local override; warning
    @(125.6000 mm, 103.2000 mm): Footprint R1
[lib_footprint_mismatch]: Footprint 'TSSOP-20_4.4x6.5mm_P0.65mm' does not match copy in library 'Package_SO'.
    Local override; warning
    @(131.5000 mm, 100.0000 mm): Footprint U2
[lib_footprint_mismatch]: Footprint 'L_0603_1608Metric' does not match copy in library 'Inductor_SMD'.
    Local override; warning
    @(113.0000 mm, 104.6000 mm): Footprint FB5
[lib_footprint_mismatch]: Footprint 'C_0402_1005Metric' does not match copy in library 'Capacitor_SMD'.
    Local override; warning
    @(122.7000 mm, 102.2000 mm): Footprint C18
[lib_footprint_mismatch]: Footprint 'C_0201_0603Metric' does not match copy in library 'Capacitor_SMD'.
    Local override; warning
    @(122.7000 mm, 101.2000 mm): Footprint C17
[lib_footprint_mismatch]: Footprint 'R_0402_1005Metric' does not match copy in library 'Resistor_SMD'.
    Local override; warning
    @(149.3000 mm, 103.2000 mm): Footprint R2
[lib_footprint_mismatch]: Footprint 'C_0402_1005Metric' does not match copy in library 'Capacitor_SMD'.
    Local override; warning
    @(140.6000 mm, 98.7500 mm): Footprint C35
[lib_footprint_mismatch]: Footprint 'C_0201_0603Metric' does not match copy in library 'Capacitor_SMD'.
    Local override; warning
    @(116.3000 mm, 101.2000 mm): Footprint C14
[lib_footprint_mismatch]: Footprint 'C_0201_0603Metric' does not match copy in library 'Capacitor_SMD'.
    Local override; warning
    @(116.3000 mm, 97.8000 mm): Footprint C19
[lib_footprint_mismatch]: Footprint 'C_0201_0603Metric' does not match copy in library 'Capacitor_SMD'.
    Local override; warning
    @(121.4000 mm, 96.8000 mm): Footprint C7
[lib_footprint_mismatch]: Footprint 'C_0201_0603Metric' does not match copy in library 'Capacitor_SMD'.
    Local override; warning
    @(117.6000 mm, 96.8000 mm): Footprint C20
[lib_footprint_mismatch]: Footprint 'C_0402_1005Metric' does not match copy in library 'Capacitor_SMD'.
    Local override; warning
    @(127.3000 mm, 97.4000 mm): Footprint C30
[lib_footprint_mismatch]: Footprint 'C_0201_0603Metric' does not match copy in library 'Capacitor_SMD'.
    Local override; warning
    @(118.6000 mm, 103.2000 mm): Footprint C12
[lib_footprint_mismatch]: Footprint 'C_0402_1005Metric' does not match copy in library 'Capacitor_SMD'.
    Local override; warning
    @(119.2000 mm, 96.6000 mm): Footprint C9
[lib_footprint_mismatch]: Footprint 'R_0402_1005Metric' does not match copy in library 'Resistor_SMD'.
    Local override; warning
    @(135.8000 mm, 97.4000 mm): Footprint R5
[lib_footprint_mismatch]: Footprint 'C_0201_0603Metric' does not match copy in library 'Capacitor_SMD'.
    Local override; warning
    @(122.7000 mm, 97.8000 mm): Footprint C16
[lib_footprint_mismatch]: Footprint 'C_0201_0603Metric' does not match copy in library 'Capacitor_SMD'.
    Local override; warning
    @(120.4000 mm, 96.8000 mm): Footprint C8
[lib_footprint_mismatch]: Footprint 'SOT-23-6' does not match copy in library 'Package_TO_SOT_SMD'.
    Local override; warning
    @(111.8000 mm, 95.9000 mm): Footprint U4
[lib_footprint_mismatch]: Footprint 'C_0402_1005Metric' does not match copy in library 'Capacitor_SMD'.
    Local override; warning
    @(116.3000 mm, 102.2000 mm): Footprint C15
[lib_footprint_mismatch]: Footprint 'C_0201_0603Metric' does not match copy in library 'Capacitor_SMD'.
    Local override; warning
    @(126.3000 mm, 100.4000 mm): Footprint C24
[lib_footprint_mismatch]: Footprint 'C_0402_1005Metric' does not match copy in library 'Capacitor_SMD'.
    Local override; warning
    @(120.2000 mm, 103.4000 mm): Footprint C21
[lib_footprint_mismatch]: Footprint 'C_0402_1005Metric' does not match copy in library 'Capacitor_SMD'.
    Local override; warning
    @(127.3000 mm, 102.6000 mm): Footprint C31
[lib_footprint_mismatch]: Footprint 'LED_0402_1005Metric' does not match copy in library 'LED_SMD'.
    Local override; warning
    @(150.5000 mm, 103.2000 mm): Footprint D1

** Found 0 unconnected pads **

** Found 0 Footprint errors **

** End of Report **
