ERC report (2026-09-30T17:49:01+0000, Encoding UTF8)
Report includes: Errors, Warnings, Exclusions

***** Sheet /
[lib_symbol_mismatch]: Symbol 'GND' doesn't match copy in library 'power'
    ; warning
    @(53.34 mm, 62.23 mm): Symbol #PWR002 [GND]
[lib_symbol_mismatch]: Symbol 'GND' doesn't match copy in library 'power'
    ; warning
    @(53.34 mm, 64.77 mm): Symbol #PWR003 [GND]
[lib_symbol_mismatch]: Symbol 'GND' doesn't match copy in library 'power'
    ; warning
    @(53.34 mm, 67.31 mm): Symbol #PWR004 [GND]
[lib_symbol_mismatch]: Symbol 'GND' doesn't match copy in library 'power'
    ; warning
    @(53.34 mm, 69.85 mm): Symbol #PWR005 [GND]
[lib_symbol_mismatch]: Symbol 'GND' doesn't match copy in library 'power'
    ; warning
    @(53.34 mm, 72.39 mm): Symbol #PWR006 [GND]
[lib_symbol_mismatch]: Symbol 'GND' doesn't match copy in library 'power'
    ; warning
    @(53.34 mm, 74.93 mm): Symbol #PWR007 [GND]
[lib_symbol_mismatch]: Symbol 'GND' doesn't match copy in library 'power'
    ; warning
    @(53.34 mm, 77.47 mm): Symbol #PWR008 [GND]
[lib_symbol_mismatch]: Symbol 'GND' doesn't match copy in library 'power'
    ; warning
    @(25.40 mm, 95.25 mm): Symbol #PWR001 [GND]
[lib_symbol_mismatch]: Symbol '+3V3' doesn't match copy in library 'power'
    ; warning
    @(100.33 mm, 59.69 mm): Symbol #PWR046 [+3V3]
[lib_symbol_mismatch]: Symbol '+3V3' doesn't match copy in library 'power'
    ; warning
    @(110.49 mm, 49.53 mm): Symbol #PWR048 [+3V3]
[lib_symbol_mismatch]: Symbol 'ASE-xxxMHz' doesn't match copy in library 'Oscillator'
    ; warning
    @(110.49 mm, 59.69 mm): Symbol X1 [ASE-xxxMHz]
[lib_symbol_mismatch]: Symbol 'GND' doesn't match copy in library 'power'
    ; warning
    @(110.49 mm, 69.85 mm): Symbol #PWR047 [GND]
[lib_symbol_mismatch]: Symbol '+3V3' doesn't match copy in library 'power'
    ; warning
    @(72.39 mm, 137.16 mm): Symbol #PWR011 [+3V3]
[lib_symbol_mismatch]: Symbol '+3V3' doesn't match copy in library 'power'
    ; warning
    @(72.39 mm, 139.70 mm): Symbol #PWR012 [+3V3]
[lib_symbol_mismatch]: Symbol 'GND' doesn't match copy in library 'power'
    ; warning
    @(72.39 mm, 142.24 mm): Symbol #PWR013 [GND]
[lib_symbol_mismatch]: Symbol '+3V3' doesn't match copy in library 'power'
    ; warning
    @(46.99 mm, 182.88 mm): Symbol #PWR053 [+3V3]
[lib_symbol_mismatch]: Symbol 'GND' doesn't match copy in library 'power'
    ; warning
    @(196.85 mm, 30.48 mm): Symbol #PWR083 [GND]
[lib_symbol_mismatch]: Symbol 'TPS62823DLC' doesn't match copy in library 'Regulator_Switching'
    ; warning
    @(59.69 mm, 190.50 mm): Symbol U3 [TPS62823DLC]
[lib_symbol_mismatch]: Symbol 'GND' doesn't match copy in library 'power'
    ; warning
    @(57.15 mm, 203.20 mm): Symbol #PWR052 [GND]
[lib_symbol_mismatch]: Symbol 'GND' doesn't match copy in library 'power'
    ; warning
    @(62.23 mm, 203.20 mm): Symbol #PWR051 [GND]
[lib_symbol_mismatch]: Symbol '+3V3' doesn't match copy in library 'power'
    ; warning
    @(189.23 mm, 107.95 mm): Symbol #PWR017 [+3V3]
[lib_symbol_mismatch]: Symbol '+3V3' doesn't match copy in library 'power'
    ; warning
    @(189.23 mm, 110.49 mm): Symbol #PWR018 [+3V3]
[lib_symbol_mismatch]: Symbol '+3V3' doesn't match copy in library 'power'
    ; warning
    @(189.23 mm, 113.03 mm): Symbol #PWR019 [+3V3]
[lib_symbol_mismatch]: Symbol 'GND' doesn't match copy in library 'power'
    ; warning
    @(189.23 mm, 140.97 mm): Symbol #PWR020 [GND]
[lib_symbol_mismatch]: Symbol 'GND' doesn't match copy in library 'power'
    ; warning
    @(189.23 mm, 143.51 mm): Symbol #PWR021 [GND]
[lib_symbol_mismatch]: Symbol '+3V3' doesn't match copy in library 'power'
    ; warning
    @(170.18 mm, 191.77 mm): Symbol #PWR066 [+3V3]
[lib_symbol_mismatch]: Symbol 'GND' doesn't match copy in library 'power'
    ; warning
    @(85.09 mm, 255.27 mm): Symbol #PWR009 [GND]
[lib_symbol_mismatch]: Symbol '+3V3' doesn't match copy in library 'power'
    ; warning
    @(39.37 mm, 267.97 mm): Symbol #PWR028 [+3V3]
[lib_symbol_mismatch]: Symbol 'STM32G031F_4-6-8_Px' doesn't match copy in library 'MCU_ST_STM32G0'
    ; warning
    @(170.18 mm, 214.63 mm): Symbol U2 [STM32G031F_4-6-8_Px]
[lib_symbol_mismatch]: Symbol 'GND' doesn't match copy in library 'power'
    ; warning
    @(107.95 mm, 255.27 mm): Symbol #PWR010 [GND]
[lib_symbol_mismatch]: Symbol 'GND' doesn't match copy in library 'power'
    ; warning
    @(39.37 mm, 278.13 mm): Symbol #PWR029 [GND]
[lib_symbol_mismatch]: Symbol '+3V3' doesn't match copy in library 'power'
    ; warning
    @(85.09 mm, 267.97 mm): Symbol #PWR031 [+3V3]
[lib_symbol_mismatch]: Symbol 'GND' doesn't match copy in library 'power'
    ; warning
    @(62.23 mm, 278.13 mm): Symbol #PWR030 [GND]
[lib_symbol_mismatch]: Symbol 'GND' doesn't match copy in library 'power'
    ; warning
    @(130.81 mm, 255.27 mm): Symbol #PWR014 [GND]
[lib_symbol_mismatch]: Symbol '+3V3' doesn't match copy in library 'power'
    ; warning
    @(153.67 mm, 245.11 mm): Symbol #PWR015 [+3V3]
[lib_symbol_mismatch]: Symbol 'GND' doesn't match copy in library 'power'
    ; warning
    @(85.09 mm, 278.13 mm): Symbol #PWR032 [GND]
[lib_symbol_mismatch]: Symbol 'GND' doesn't match copy in library 'power'
    ; warning
    @(170.18 mm, 237.49 mm): Symbol #PWR067 [GND]
[lib_symbol_mismatch]: Symbol '+3V3' doesn't match copy in library 'power'
    ; warning
    @(39.37 mm, 290.83 mm): Symbol #PWR044 [+3V3]
[lib_symbol_mismatch]: Symbol 'GND' doesn't match copy in library 'power'
    ; warning
    @(153.67 mm, 255.27 mm): Symbol #PWR016 [GND]
[lib_symbol_mismatch]: Symbol 'GND' doesn't match copy in library 'power'
    ; warning
    @(107.95 mm, 278.13 mm): Symbol #PWR033 [GND]
[lib_symbol_mismatch]: Symbol '+3V3' doesn't match copy in library 'power'
    ; warning
    @(85.09 mm, 290.83 mm): Symbol #PWR049 [+3V3]
[lib_symbol_mismatch]: Symbol 'GND' doesn't match copy in library 'power'
    ; warning
    @(62.23 mm, 300.99 mm): Symbol #PWR045 [GND]
[lib_symbol_mismatch]: Symbol 'GND' doesn't match copy in library 'power'
    ; warning
    @(85.09 mm, 300.99 mm): Symbol #PWR050 [GND]
[lib_symbol_mismatch]: Symbol 'R_Small' doesn't match copy in library 'Device'
    ; warning
    @(107.95 mm, 295.91 mm): Symbol R18 [R_Small]
[lib_symbol_mismatch]: Symbol 'GND' doesn't match copy in library 'power'
    ; warning
    @(153.67 mm, 278.13 mm): Symbol #PWR035 [GND]
[lib_symbol_mismatch]: Symbol 'GND' doesn't match copy in library 'power'
    ; warning
    @(107.95 mm, 300.99 mm): Symbol #PWR054 [GND]
[lib_symbol_mismatch]: Symbol 'R_Small' doesn't match copy in library 'Device'
    ; warning
    @(39.37 mm, 318.77 mm): Symbol R14 [R_Small]
[lib_symbol_mismatch]: Symbol 'R_Small' doesn't match copy in library 'Device'
    ; warning
    @(62.23 mm, 318.77 mm): Symbol R15 [R_Small]
[lib_symbol_mismatch]: Symbol '+3V3' doesn't match copy in library 'power'
    ; warning
    @(153.67 mm, 290.83 mm): Symbol #PWR055 [+3V3]
[lib_symbol_mismatch]: Symbol 'GND' doesn't match copy in library 'power'
    ; warning
    @(176.53 mm, 278.13 mm): Symbol #PWR036 [GND]
[lib_symbol_mismatch]: Symbol 'R_Small' doesn't match copy in library 'Device'
    ; warning
    @(85.09 mm, 318.77 mm): Symbol R16 [R_Small]
[lib_symbol_mismatch]: Symbol 'R_Small' doesn't match copy in library 'Device'
    ; warning
    @(107.95 mm, 318.77 mm): Symbol R17 [R_Small]
[lib_symbol_mismatch]: Symbol 'GND' doesn't match copy in library 'power'
    ; warning
    @(153.67 mm, 300.99 mm): Symbol #PWR056 [GND]
[lib_symbol_mismatch]: Symbol 'GND' doesn't match copy in library 'power'
    ; warning
    @(199.39 mm, 278.13 mm): Symbol #PWR037 [GND]
[lib_symbol_mismatch]: Symbol 'GND' doesn't match copy in library 'power'
    ; warning
    @(176.53 mm, 300.99 mm): Symbol #PWR057 [GND]
[lib_symbol_mismatch]: Symbol 'GND' doesn't match copy in library 'power'
    ; warning
    @(130.81 mm, 323.85 mm): Symbol #PWR064 [GND]
[lib_symbol_mismatch]: Symbol '+3V3' doesn't match copy in library 'power'
    ; warning
    @(153.67 mm, 313.69 mm): Symbol #PWR068 [+3V3]
[lib_symbol_mismatch]: Symbol 'R_Small' doesn't match copy in library 'Device'
    ; warning
    @(222.25 mm, 273.05 mm): Symbol R9 [R_Small]
[lib_symbol_mismatch]: Symbol 'GND' doesn't match copy in library 'power'
    ; warning
    @(222.25 mm, 278.13 mm): Symbol #PWR038 [GND]
[lib_symbol_mismatch]: Symbol 'GND' doesn't match copy in library 'power'
    ; warning
    @(153.67 mm, 323.85 mm): Symbol #PWR069 [GND]
[lib_symbol_mismatch]: Symbol '+3V3' doesn't match copy in library 'power'
    ; warning
    @(176.53 mm, 313.69 mm): Symbol #PWR070 [+3V3]
[lib_symbol_mismatch]: Symbol 'GND' doesn't match copy in library 'power'
    ; warning
    @(199.39 mm, 300.99 mm): Symbol #PWR058 [GND]
[lib_symbol_mismatch]: Symbol '+3V3' doesn't match copy in library 'power'
    ; warning
    @(245.11 mm, 267.97 mm): Symbol #PWR039 [+3V3]
[lib_symbol_mismatch]: Symbol 'R_Small' doesn't match copy in library 'Device'
    ; warning
    @(245.11 mm, 273.05 mm): Symbol R10 [R_Small]
[lib_symbol_mismatch]: Symbol 'GND' doesn't match copy in library 'power'
    ; warning
    @(176.53 mm, 323.85 mm): Symbol #PWR071 [GND]
[lib_symbol_mismatch]: Symbol 'R_Small' doesn't match copy in library 'Device'
    ; warning
    @(222.25 mm, 295.91 mm): Symbol R3 [R_Small]
[lib_symbol_mismatch]: Symbol 'GND' doesn't match copy in library 'power'
    ; warning
    @(267.97 mm, 255.27 mm): Symbol #PWR022 [GND]
[lib_symbol_mismatch]: Symbol 'GND' doesn't match copy in library 'power'
    ; warning
    @(349.25 mm, 125.73 mm): Symbol #PWR065 [GND]
[lib_symbol_mismatch]: Symbol '+3V3' doesn't match copy in library 'power'
    ; warning
    @(267.97 mm, 267.97 mm): Symbol #PWR040 [+3V3]
[lib_symbol_mismatch]: Symbol 'GND' doesn't match copy in library 'power'
    ; warning
    @(199.39 mm, 323.85 mm): Symbol #PWR072 [GND]
[lib_symbol_mismatch]: Symbol '+3V3' doesn't match copy in library 'power'
    ; warning
    @(290.83 mm, 245.11 mm): Symbol #PWR023 [+3V3]
[lib_symbol_mismatch]: Symbol 'R_Small' doesn't match copy in library 'Device'
    ; warning
    @(267.97 mm, 273.05 mm): Symbol R11 [R_Small]
[lib_symbol_mismatch]: Symbol '+3V3' doesn't match copy in library 'power'
    ; warning
    @(222.25 mm, 313.69 mm): Symbol #PWR073 [+3V3]
[lib_symbol_mismatch]: Symbol 'GND' doesn't match copy in library 'power'
    ; warning
    @(290.83 mm, 255.27 mm): Symbol #PWR024 [GND]
[lib_symbol_mismatch]: Symbol 'R_Small' doesn't match copy in library 'Device'
    ; warning
    @(222.25 mm, 318.77 mm): Symbol R5 [R_Small]
[lib_symbol_mismatch]: Symbol 'R_Small' doesn't match copy in library 'Device'
    ; warning
    @(290.83 mm, 273.05 mm): Symbol R12 [R_Small]
[lib_symbol_mismatch]: Symbol 'R_Small' doesn't match copy in library 'Device'
    ; warning
    @(267.97 mm, 295.91 mm): Symbol R4 [R_Small]
[lib_symbol_mismatch]: Symbol '+3V3' doesn't match copy in library 'power'
    ; warning
    @(245.11 mm, 318.77 mm): Symbol #PWR074 [+3V3]
[lib_symbol_mismatch]: Symbol 'GND' doesn't match copy in library 'power'
    ; warning
    @(290.83 mm, 278.13 mm): Symbol #PWR041 [GND]
[lib_symbol_mismatch]: Symbol 'GND' doesn't match copy in library 'power'
    ; warning
    @(267.97 mm, 300.99 mm): Symbol #PWR059 [GND]
[lib_symbol_mismatch]: Symbol 'GND' doesn't match copy in library 'power'
    ; warning
    @(313.69 mm, 255.27 mm): Symbol #PWR025 [GND]
[lib_symbol_mismatch]: Symbol '+3V3' doesn't match copy in library 'power'
    ; warning
    @(313.69 mm, 267.97 mm): Symbol #PWR042 [+3V3]
[lib_symbol_mismatch]: Symbol 'R_Small' doesn't match copy in library 'Device'
    ; warning
    @(313.69 mm, 273.05 mm): Symbol R13 [R_Small]
[lib_symbol_mismatch]: Symbol 'GND' doesn't match copy in library 'power'
    ; warning
    @(290.83 mm, 300.99 mm): Symbol #PWR060 [GND]
[lib_symbol_mismatch]: Symbol 'GND' doesn't match copy in library 'power'
    ; warning
    @(336.55 mm, 255.27 mm): Symbol #PWR026 [GND]
[lib_symbol_mismatch]: Symbol 'GND' doesn't match copy in library 'power'
    ; warning
    @(313.69 mm, 300.99 mm): Symbol #PWR061 [GND]
[lib_symbol_mismatch]: Symbol 'GND' doesn't match copy in library 'power'
    ; warning
    @(359.41 mm, 255.27 mm): Symbol #PWR027 [GND]
[lib_symbol_mismatch]: Symbol 'GND' doesn't match copy in library 'power'
    ; warning
    @(336.55 mm, 300.99 mm): Symbol #PWR062 [GND]
[lib_symbol_mismatch]: Symbol 'GND' doesn't match copy in library 'power'
    ; warning
    @(359.41 mm, 278.13 mm): Symbol #PWR043 [GND]
[lib_symbol_mismatch]: Symbol 'GND' doesn't match copy in library 'power'
    ; warning
    @(336.55 mm, 321.31 mm): Symbol #PWR075 [GND]
[lib_symbol_mismatch]: Symbol 'GND' doesn't match copy in library 'power'
    ; warning
    @(359.41 mm, 300.99 mm): Symbol #PWR063 [GND]

 ** ERC messages: 91  Errors 0  Warnings 91
